
  .   ____          _            __ _ _
 /\\ / ___'_ __ _ _(_)_ __  __ _ \ \ \ \
( ( )\___ | '_ | '_| | '_ \/ _` | \ \ \ \
 \\/  ___)| |_)| | | | | || (_| |  ) ) ) )
  '  |____| .__|_| |_|_| |_\__, | / / / /
 =========|_|==============|___/=/_/_/_/
 :: Spring Boot ::                (v3.2.5)

2026-09-04T21:07:40.406+05:30  INFO 24264 --- [socialsolveai-backend] [           main] c.s.b.SocialAiSpringBootApplication      : Starting SocialAiSpringBootApplication v1.0.0-SNAPSHOT using Java 17.0.12 with PID 24264 (D:\Projects\SocialSolveAiSpringBoot\target\socialsolveai-backend-1.0.0-SNAPSHOT.jar started by Dinesh Kumar P in D:\Projects\SocialSolveAiSpringBoot)
2026-09-04T21:07:40.419+05:30  INFO 24264 --- [socialsolveai-backend] [           main] c.s.b.SocialAiSpringBootApplication      : No active profile set, falling back to 1 default profile: "default"
2026-09-04T21:07:43.941+05:30  INFO 24264 --- [socialsolveai-backend] [           main] .s.d.r.c.RepositoryConfigurationDelegate : Bootstrapping Spring Data JPA repositories in DEFAULT mode.
2026-09-04T21:07:44.279+05:30  INFO 24264 --- [socialsolveai-backend] [           main] .s.d.r.c.RepositoryConfigurationDelegate : Finished Spring Data repository scanning in 300 ms. Found 6 JPA repository interfaces.
2026-09-04T21:07:46.862+05:30  INFO 24264 --- [socialsolveai-backend] [           main] o.s.b.w.embedded.tomcat.TomcatWebServer  : Tomcat initialized with port 5000 (http)
2026-09-04T21:07:46.899+05:30  INFO 24264 --- [socialsolveai-backend] [           main] o.apache.catalina.core.StandardService   : Starting service [Tomcat]
2026-09-04T21:07:46.901+05:30  INFO 24264 --- [socialsolveai-backend] [           main] o.apache.catalina.core.StandardEngine    : Starting Servlet engine: [Apache Tomcat/10.1.20]
2026-09-04T21:07:46.997+05:30  INFO 24264 --- [socialsolveai-backend] [           main] o.a.c.c.C.[Tomcat].[localhost].[/]       : Initializing Spring embedded WebApplicationContext
2026-09-04T21:07:47.001+05:30  INFO 24264 --- [socialsolveai-backend] [           main] w.s.c.ServletWebServerApplicationContext : Root WebApplicationContext: initialization completed in 6005 ms
2026-09-04T21:07:47.094+05:30  INFO 24264 --- [socialsolveai-backend] [           main] com.zaxxer.hikari.HikariDataSource       : HikariPool-1 - Starting...
2026-09-04T21:07:48.054+05:30  INFO 24264 --- [socialsolveai-backend] [           main] com.zaxxer.hikari.pool.HikariPool        : HikariPool-1 - Added connection conn0: url=jdbc:h2:mem:socialsolveai user=SA
2026-09-04T21:07:48.057+05:30  INFO 24264 --- [socialsolveai-backend] [           main] com.zaxxer.hikari.HikariDataSource       : HikariPool-1 - Start completed.
2026-09-04T21:07:48.085+05:30  INFO 24264 --- [socialsolveai-backend] [           main] o.s.b.a.h2.H2ConsoleAutoConfiguration    : H2 console available at '/h2-console'. Database available at 'jdbc:h2:mem:socialsolveai'
2026-09-04T21:07:49.111+05:30  INFO 24264 --- [socialsolveai-backend] [           main] o.hibernate.jpa.internal.util.LogHelper  : HHH000204: Processing PersistenceUnitInfo [name: default]
2026-09-04T21:07:49.395+05:30  INFO 24264 --- [socialsolveai-backend] [           main] org.hibernate.Version                    : HHH000412: Hibernate ORM core version 6.4.4.Final
2026-09-04T21:07:49.509+05:30  INFO 24264 --- [socialsolveai-backend] [           main] o.h.c.internal.RegionFactoryInitiator    : HHH000026: Second-level cache disabled
2026-09-04T21:07:52.439+05:30  INFO 24264 --- [socialsolveai-backend] [           main] o.s.o.j.p.SpringPersistenceUnitInfo      : No LoadTimeWeaver setup: ignoring JPA class transformer
2026-09-04T21:07:52.632+05:30  WARN 24264 --- [socialsolveai-backend] [           main] org.hibernate.orm.deprecation            : HHH90000025: H2Dialect does not need to be specified explicitly using 'hibernate.dialect' (remove the property setting and it will be selected by default)
2026-09-04T21:07:56.029+05:30  INFO 24264 --- [socialsolveai-backend] [           main] o.h.e.t.j.p.i.JtaPlatformInitiator       : HHH000489: No JTA platform available (set 'hibernate.transaction.jta.platform' to enable JTA platform integration)
2026-09-04T21:07:56.321+05:30  INFO 24264 --- [socialsolveai-backend] [           main] j.LocalContainerEntityManagerFactoryBean : Initialized JPA EntityManagerFactory for persistence unit 'default'
2026-09-04T21:07:58.381+05:30  WARN 24264 --- [socialsolveai-backend] [           main] JpaBaseConfiguration$JpaWebConfiguration : spring.jpa.open-in-view is enabled by default. Therefore, database queries may be performed during view rendering. Explicitly configure spring.jpa.open-in-view to disable this warning
2026-09-04T21:07:59.082+05:30  WARN 24264 --- [socialsolveai-backend] [           main] .s.s.UserDetailsServiceAutoConfiguration : 

Using generated security password: 327f8aff-3394-47db-855a-4592434dc5ba

This generated password is for development use only. Your security configuration must be updated before running your application in production.

2026-09-04T21:08:01.699+05:30  INFO 24264 --- [socialsolveai-backend] [           main] o.s.s.web.DefaultSecurityFilterChain     : Will secure any request with [org.springframework.security.web.session.DisableEncodeUrlFilter@48d14ea0, org.springframework.security.web.context.request.async.WebAsyncManagerIntegrationFilter@21251e43, org.springframework.security.web.context.SecurityContextHolderFilter@42fdf45e, org.springframework.security.web.header.HeaderWriterFilter@22cf1808, org.springframework.web.filter.CorsFilter@677274e7, org.springframework.security.web.authentication.logout.LogoutFilter@1a99744a, org.springframework.security.web.savedrequest.RequestCacheAwareFilter@5e7ea81b, org.springframework.security.web.servletapi.SecurityContextHolderAwareRequestFilter@589a4305, org.springframework.security.web.authentication.AnonymousAuthenticationFilter@54c17a2b, org.springframework.security.web.access.ExceptionTranslationFilter@279e85eb, org.springframework.security.web.access.intercept.AuthorizationFilter@c7cbc2d]
2026-09-04T21:08:03.061+05:30  WARN 24264 --- [socialsolveai-backend] [           main] ConfigServletWebServerApplicationContext : Exception encountered during context initialization - cancelling refresh attempt: org.springframework.context.ApplicationContextException: Failed to start bean 'webServerStartStop'
2026-09-04T21:08:03.067+05:30  INFO 24264 --- [socialsolveai-backend] [           main] j.LocalContainerEntityManagerFactoryBean : Closing JPA EntityManagerFactory for persistence unit 'default'
2026-09-04T21:08:03.074+05:30  INFO 24264 --- [socialsolveai-backend] [           main] com.zaxxer.hikari.HikariDataSource       : HikariPool-1 - Shutdown initiated...
2026-09-04T21:08:03.096+05:30  INFO 24264 --- [socialsolveai-backend] [           main] com.zaxxer.hikari.HikariDataSource       : HikariPool-1 - Shutdown completed.
2026-09-04T21:08:03.157+05:30  INFO 24264 --- [socialsolveai-backend] [           main] .s.b.a.l.ConditionEvaluationReportLogger : 

Error starting ApplicationContext. To display the condition evaluation report re-run your application with 'debug' enabled.
2026-09-04T21:08:03.214+05:30 ERROR 24264 --- [socialsolveai-backend] [           main] o.s.b.d.LoggingFailureAnalysisReporter   : 

***************************
APPLICATION FAILED TO START
***************************

Description:

Web server failed to start. Port 5000 was already in use.

Action:

Identify and stop the process that's listening on port 5000 or configure this application to listen on another port.

