
  .   ____          _            __ _ _
 /\\ / ___'_ __ _ _(_)_ __  __ _ \ \ \ \
( ( )\___ | '_ | '_| | '_ \/ _` | \ \ \ \
 \\/  ___)| |_)| | | | | || (_| |  ) ) ) )
  '  |____| .__|_| |_|_| |_\__, | / / / /
 =========|_|==============|___/=/_/_/_/
 :: Spring Boot ::                (v3.2.5)

2026-09-04T21:10:17.401+05:30  INFO 12168 --- [socialsolveai-backend] [           main] c.s.b.SocialAiSpringBootApplication      : Starting SocialAiSpringBootApplication v1.0.0-SNAPSHOT using Java 17.0.12 with PID 12168 (D:\Projects\SocialSolveAiSpringBoot\target\socialsolveai-backend-1.0.0-SNAPSHOT.jar started by Dinesh Kumar P in D:\Projects\SocialSolveAiSpringBoot)
2026-09-04T21:10:17.413+05:30  INFO 12168 --- [socialsolveai-backend] [           main] c.s.b.SocialAiSpringBootApplication      : No active profile set, falling back to 1 default profile: "default"
2026-09-04T21:10:19.980+05:30  INFO 12168 --- [socialsolveai-backend] [           main] .s.d.r.c.RepositoryConfigurationDelegate : Bootstrapping Spring Data JPA repositories in DEFAULT mode.
2026-09-04T21:10:20.255+05:30  INFO 12168 --- [socialsolveai-backend] [           main] .s.d.r.c.RepositoryConfigurationDelegate : Finished Spring Data repository scanning in 243 ms. Found 6 JPA repository interfaces.
2026-09-04T21:10:23.297+05:30  INFO 12168 --- [socialsolveai-backend] [           main] o.s.b.w.embedded.tomcat.TomcatWebServer  : Tomcat initialized with port 8080 (http)
2026-09-04T21:10:23.337+05:30  INFO 12168 --- [socialsolveai-backend] [           main] o.apache.catalina.core.StandardService   : Starting service [Tomcat]
2026-09-04T21:10:23.339+05:30  INFO 12168 --- [socialsolveai-backend] [           main] o.apache.catalina.core.StandardEngine    : Starting Servlet engine: [Apache Tomcat/10.1.20]
2026-09-04T21:10:23.456+05:30  INFO 12168 --- [socialsolveai-backend] [           main] o.a.c.c.C.[Tomcat].[localhost].[/]       : Initializing Spring embedded WebApplicationContext
2026-09-04T21:10:23.489+05:30  INFO 12168 --- [socialsolveai-backend] [           main] w.s.c.ServletWebServerApplicationContext : Root WebApplicationContext: initialization completed in 5898 ms
2026-09-04T21:10:23.596+05:30  INFO 12168 --- [socialsolveai-backend] [           main] com.zaxxer.hikari.HikariDataSource       : HikariPool-1 - Starting...
2026-09-04T21:10:24.293+05:30  INFO 12168 --- [socialsolveai-backend] [           main] com.zaxxer.hikari.pool.HikariPool        : HikariPool-1 - Added connection conn0: url=jdbc:h2:mem:socialsolveai user=SA
2026-09-04T21:10:24.327+05:30  INFO 12168 --- [socialsolveai-backend] [           main] com.zaxxer.hikari.HikariDataSource       : HikariPool-1 - Start completed.
2026-09-04T21:10:24.354+05:30  INFO 12168 --- [socialsolveai-backend] [           main] o.s.b.a.h2.H2ConsoleAutoConfiguration    : H2 console available at '/h2-console'. Database available at 'jdbc:h2:mem:socialsolveai'
2026-09-04T21:10:24.679+05:30  INFO 12168 --- [socialsolveai-backend] [           main] o.hibernate.jpa.internal.util.LogHelper  : HHH000204: Processing PersistenceUnitInfo [name: default]
2026-09-04T21:10:24.833+05:30  INFO 12168 --- [socialsolveai-backend] [           main] org.hibernate.Version                    : HHH000412: Hibernate ORM core version 6.4.4.Final
2026-09-04T21:10:24.940+05:30  INFO 12168 --- [socialsolveai-backend] [           main] o.h.c.internal.RegionFactoryInitiator    : HHH000026: Second-level cache disabled
2026-09-04T21:10:25.709+05:30  INFO 12168 --- [socialsolveai-backend] [           main] o.s.o.j.p.SpringPersistenceUnitInfo      : No LoadTimeWeaver setup: ignoring JPA class transformer
2026-09-04T21:10:25.851+05:30  WARN 12168 --- [socialsolveai-backend] [           main] org.hibernate.orm.deprecation            : HHH90000025: H2Dialect does not need to be specified explicitly using 'hibernate.dialect' (remove the property setting and it will be selected by default)
2026-09-04T21:10:27.854+05:30  INFO 12168 --- [socialsolveai-backend] [           main] o.h.e.t.j.p.i.JtaPlatformInitiator       : HHH000489: No JTA platform available (set 'hibernate.transaction.jta.platform' to enable JTA platform integration)
2026-09-04T21:10:27.991+05:30  INFO 12168 --- [socialsolveai-backend] [           main] j.LocalContainerEntityManagerFactoryBean : Initialized JPA EntityManagerFactory for persistence unit 'default'
2026-09-04T21:10:29.229+05:30  WARN 12168 --- [socialsolveai-backend] [           main] JpaBaseConfiguration$JpaWebConfiguration : spring.jpa.open-in-view is enabled by default. Therefore, database queries may be performed during view rendering. Explicitly configure spring.jpa.open-in-view to disable this warning
2026-09-04T21:10:29.275+05:30  WARN 12168 --- [socialsolveai-backend] [           main] .s.s.UserDetailsServiceAutoConfiguration : 

Using generated security password: df65c497-aa59-4535-9d64-44e89abf542c

This generated password is for development use only. Your security configuration must be updated before running your application in production.

2026-09-04T21:10:30.155+05:30  INFO 12168 --- [socialsolveai-backend] [           main] o.s.s.web.DefaultSecurityFilterChain     : Will secure any request with [org.springframework.security.web.session.DisableEncodeUrlFilter@4f571c0e, org.springframework.security.web.context.request.async.WebAsyncManagerIntegrationFilter@c7cbc2d, org.springframework.security.web.context.SecurityContextHolderFilter@4cb59398, org.springframework.security.web.header.HeaderWriterFilter@4a249610, org.springframework.web.filter.CorsFilter@36ae17ef, org.springframework.security.web.authentication.logout.LogoutFilter@6b64921f, org.springframework.security.web.savedrequest.RequestCacheAwareFilter@7156f8cf, org.springframework.security.web.servletapi.SecurityContextHolderAwareRequestFilter@22349ad3, org.springframework.security.web.authentication.AnonymousAuthenticationFilter@3f919230, org.springframework.security.web.access.ExceptionTranslationFilter@423d662a, org.springframework.security.web.access.intercept.AuthorizationFilter@63e40188]
2026-09-04T21:10:30.733+05:30  INFO 12168 --- [socialsolveai-backend] [           main] o.s.b.w.embedded.tomcat.TomcatWebServer  : Tomcat started on port 8080 (http) with context path ''
2026-09-04T21:10:30.811+05:30  INFO 12168 --- [socialsolveai-backend] [           main] c.s.b.SocialAiSpringBootApplication      : Started SocialAiSpringBootApplication in 14.8 seconds (process running for 16.113)
2026-09-04T21:16:34.436+05:30  INFO 12168 --- [socialsolveai-backend] [nio-8080-exec-1] o.a.c.c.C.[Tomcat].[localhost].[/]       : Initializing Spring DispatcherServlet 'dispatcherServlet'
2026-09-04T21:16:34.440+05:30  INFO 12168 --- [socialsolveai-backend] [nio-8080-exec-1] o.s.web.servlet.DispatcherServlet        : Initializing Servlet 'dispatcherServlet'
2026-09-04T21:16:34.478+05:30  INFO 12168 --- [socialsolveai-backend] [nio-8080-exec-1] o.s.web.servlet.DispatcherServlet        : Completed initialization in 38 ms
2026-09-04T21:23:36.924+05:30  WARN 12168 --- [socialsolveai-backend] [l-1 housekeeper] com.zaxxer.hikari.pool.HikariPool        : HikariPool-1 - Thread starvation or clock leap detected (housekeeper delta=3m42s353ms761µs200ns).
